# serializer version: 1
# name: test_diode_clipper
  'g*(-u + x) + y'
# ---
